testtesttesttestamazing happen